// Jest Snapshot v1, https://goo.gl/fbAQLP

exports[`Bouton qui change de fonction et de style 1`] = `
<button
  className="button"
  disabled={false}
  style={
    Object {
      "--button-background": "var(--color-rgb-primary)",
      "--button-color": "#f7f7f7",
      "--font-weight": "bold",
    }
  }
>
  text
</button>
`;

exports[`Bouton qui change de fonction et de style 2`] = `
<button
  className="button"
  disabled={false}
  style={
    Object {
      "--button-background": "var(--color-rgb-primary)",
      "--button-color": "#f7f7f7",
      "--font-weight": "bold",
    }
  }
>
  text
</button>
`;
